Aucune donnée dans la zone ou au cours de la période sélectionnée
