Accès aux données...
Données ajoutées avec succés!
Bienvenue dans le Menu Principal
--------------MENU-----------------
Choississez parmi les propositions suivantes
1: Calculer Moyenne
0: Quitter
Votre choix:
A bientôt !