Accès aux données...
Données ajoutées avec succés!
6 capteurs non fiables
Bienvenue dans le Menu Principal
--------------MENU-----------------
Choississez parmi les propositions suivantes
1: Calculer Moyenne
0: Quitter
Votre choix:
Veuillez-renseigner les informations suivantes:
Latitude :
Longitude :
Rayon :
Date de début :
Date de fin :
A bientôt !