Acces aux donnees...
Donnees ajoutees avec succes!
4 capteurs non fiables detectes

Bienvenue dans le Menu Principal !

---------------------------MENU---------------------------
Choississez parmi les propositions suivantes
1: Calculer moyenne de la qualite de l'air dans une region
0: Quitter
Votre choix : ----------------------------------------------------------

A bientot !
