Probleme de lecture des donnees, merci de verifier le chemin d'acces et son contenu
Rappel d'un contenu de fichier valide:
    - mesurements.csv
    - sensors.csv
    - users.csv