Acces aux donnees...
Donnees ajoutees avec succes!
4 capteurs non fiables detectes

Bienvenue dans le Menu Principal !

---------------------------MENU---------------------------
Choississez parmi les propositions suivantes
1: Calculer moyenne de la qualite de l'air dans une region
0: Quitter
Votre choix : ----------------------------------------------------------

Veuillez-renseigner les informations suivantes:
Longitude : Latitude : Rayon (km) : Date de debut (AAAA-MM-JJ) : Date de fin (AAAA-MM-JJ) :
L'indice ATMO dans la region est de 6 (la zone selectionnee est recouverte par les capteurs a 40%).

---------------------------MENU---------------------------
Choississez parmi les propositions suivantes
1: Calculer moyenne de la qualite de l'air dans une region
0: Quitter
Votre choix : ----------------------------------------------------------

A bientot !
